18:48:14 **** Incremental Build of configuration Debug for project first_code ****
make all 
Building file: ../MCAL/DIO/DIO_program.c
Invoking: AVR Compiler
avr-gcc -I"C:\Users\Mohammed Omera\Desktop\NTI_Simulation\first_code\HAL\LCD" -I"C:\Users\Mohammed Omera\Desktop\NTI_Simulation\first_code\MCAL\DIO" -I"C:\Users\Mohammed Omera\Desktop\NTI_Simulation\first_code\LIB" -Wall -g2 -gstabs -O0 -fpack-struct -fshort-enums -ffunction-sections -fdata-sections -std=gnu99 -funsigned-char -funsigned-bitfields -mmcu=atmega32 -DF_CPU=8000000UL -MMD -MP -MF"MCAL/DIO/DIO_program.d" -MT"MCAL/DIO/DIO_program.d" -c -o "MCAL/DIO/DIO_program.o" "../MCAL/DIO/DIO_program.c"
Finished building: ../MCAL/DIO/DIO_program.c
 
Building file: ../HAL/LCD/CLCD_program.c
Invoking: AVR Compiler
avr-gcc -I"C:\Users\Mohammed Omera\Desktop\NTI_Simulation\first_code\HAL\LCD" -I"C:\Users\Mohammed Omera\Desktop\NTI_Simulation\first_code\MCAL\DIO" -I"C:\Users\Mohammed Omera\Desktop\NTI_Simulation\first_code\LIB" -Wall -g2 -gstabs -O0 -fpack-struct -fshort-enums -ffunction-sections -fdata-sections -std=gnu99 -funsigned-char -funsigned-bitfields -mmcu=atmega32 -DF_CPU=8000000UL -MMD -MP -MF"HAL/LCD/CLCD_program.d" -MT"HAL/LCD/CLCD_program.d" -c -o "HAL/LCD/CLCD_program.o" "../HAL/LCD/CLCD_program.c"
In file included from ../HAL/LCD/CLCD_program.c:12:
c:/winavr-20100110/lib/gcc/../../avr/include/util/delay.h:90:3: warning: #warning "Compiler optimizations disabled; functions from <util/delay.h> won't work as designed"
Finished building: ../HAL/LCD/CLCD_program.c
 
Building file: ../APP/main.c
Invoking: AVR Compiler
avr-gcc -I"C:\Users\Mohammed Omera\Desktop\NTI_Simulation\first_code\HAL\LCD" -I"C:\Users\Mohammed Omera\Desktop\NTI_Simulation\first_code\MCAL\DIO" -I"C:\Users\Mohammed Omera\Desktop\NTI_Simulation\first_code\LIB" -Wall -g2 -gstabs -O0 -fpack-struct -fshort-enums -ffunction-sections -fdata-sections -std=gnu99 -funsigned-char -funsigned-bitfields -mmcu=atmega32 -DF_CPU=8000000UL -MMD -MP -MF"APP/main.d" -MT"APP/main.d" -c -o "APP/main.o" "../APP/main.c"
Finished building: ../APP/main.c
 
Building target: first_code.elf
Invoking: AVR C Linker
avr-gcc -Wl,-Map,first_code.map -mmcu=atmega32 -o "first_code.elf"  ./MCAL/DIO/DIO_program.o  ./HAL/LCD/CLCD_program.o  ./APP/main.o   
Finished building target: first_code.elf
 
Invoking: AVR Create Extended Listing
avr-objdump -h -S first_code.elf  >"first_code.lss"
Finished building: first_code.lss
 
Create Flash image (ihex format)
avr-objcopy -R .eeprom -R .fuse -R .lock -R .signature -O ihex first_code.elf  "first_code.hex"
Finished building: first_code.hex
 
Invoking: Print Size
avr-size --format=avr --mcu=atmega32 first_code.elf
AVR Memory Usage
----------------
Device: atmega32

Program:   19172 bytes (58.5% Full)
(.text + .data + .bootloader)

Data:        264 bytes (12.9% Full)
(.data + .bss + .noinit)


Finished building: sizedummy
 
